{
  "name": "azure-arm-parameterflattening",
  "author": "Microsoft Corporation",
  "description": "AutoRestParameterFlattening Library with typescript type definitions for node",
  "version": "1.0.0-preview",
  "dependencies": {
    "ms-rest": "^2.5.0"
  },
  "keywords": [
    "node",
    "azure"
  ],
  "license": "MIT",
  "main": "./lib/autoRestParameterFlattening.js",
  "types": "./lib/autoRestParameterFlattening.d.ts",
  "homepage": "https://github.com/azure/azure-sdk-for-node",
  "repository": {
    "type": "git",
    "url": "https://github.com/azure/azure-sdk-for-node.git"
  },
  "bugs": {
    "url": "https://github.com/azure/azure-sdk-for-node/issues"
  },
 "scripts": {
    "postinstall": "node .scripts/postinstall.js"
  }
}
